GlymaLee.01G001800.1.p	RLK	lrr
GlymaLee.01G004900.1.p	RLK	lrr
GlymaLee.01G007300.1.p	RLK	lrr
GlymaLee.01G007400.1.p	RLK	lrr
GlymaLee.01G012800.1.p	RLK	other_receptor
GlymaLee.01G018800.1.p	RLK	lrr
GlymaLee.01G021100.1.p	RLK	other_receptor
GlymaLee.01G025500.1.p	RLK	lysm
GlymaLee.01G026500.1.p	RLK	other_receptor
GlymaLee.01G027000.1.p	RLK	lrr
GlymaLee.01G040000.1.p	RLK	lrr
GlymaLee.01G054300.1.p	RLK	lrr
GlymaLee.01G060200.1.p	RLK	lrr
GlymaLee.01G071400.1.p	RLK	other_receptor
GlymaLee.01G074900.1.p	RLK	other_receptor
GlymaLee.01G080100.1.p	RLK	other_receptor
GlymaLee.01G084700.1.p	RLK	other_receptor
GlymaLee.01G091900.1.p	RLK	other_receptor
GlymaLee.01G092200.1.p	RLK	lrr
GlymaLee.01G092300.1.p	RLK	lrr
GlymaLee.01G092400.1.p	RLK	lrr
GlymaLee.01G097700.1.p	RLK	lrr
GlymaLee.01G098200.1.p	RLK	lrr
GlymaLee.01G102400.1.p	RLK	other_receptor
GlymaLee.01G104100.1.p	RLK	lrr
GlymaLee.01G117300.1.p	RLK	lrr
GlymaLee.01G122000.1.p	RLK	other_receptor
GlymaLee.01G123800.1.p	RLK	other_receptor
GlymaLee.01G133900.1.p	RLK	lrr
GlymaLee.01G144400.1.p	RLK	lysm
GlymaLee.01G144500.1.p	RLK	other_receptor
GlymaLee.01G147800.1.p	RLK	other_receptor
GlymaLee.01G152300.1.p	RLK	other_receptor
GlymaLee.01G161800.1.p	RLK	lrr
GlymaLee.01G162000.1.p	RLK	lrr
GlymaLee.01G169800.1.p	RLK	other_receptor
GlymaLee.01G169900.1.p	RLK	other_receptor
GlymaLee.01G174800.1.p	RLK	lrr
GlymaLee.01G176500.1.p	RLK	lrr
GlymaLee.01G180800.1.p	RLK	lrr
GlymaLee.01G185200.1.p	RLK	other_receptor
GlymaLee.01G186000.1.p	RLK	lrr
GlymaLee.01G202400.1.p	RLK	other_receptor
GlymaLee.01G202500.1.p	RLK	other_receptor
GlymaLee.01G202600.1.p	RLK	other_receptor
GlymaLee.02G000400.1.p	RLK	lysm
GlymaLee.02G010600.1.p	RLK	other_receptor
GlymaLee.02G018500.1.p	RLK	lrr
GlymaLee.02G021900.1.p	RLK	other_receptor
GlymaLee.02G033300.1.p	RLK	lrr
GlymaLee.02G033900.1.p	RLK	other_receptor
GlymaLee.02G034000.1.p	RLK	other_receptor
GlymaLee.02G039500.1.p	RLK	other_receptor
GlymaLee.02G041000.1.p	RLK	other_receptor
GlymaLee.02G046400.1.p	RLK	lrr
GlymaLee.02G052300.1.p	RLK	other_receptor
GlymaLee.02G054200.1.p	RLK	lysm
GlymaLee.02G055700.1.p	RLK	other_receptor
GlymaLee.02G068400.1.p	RLK	other_receptor
GlymaLee.02G068900.1.p	RLK	lrr
GlymaLee.02G079000.1.p	RLK	other_receptor
GlymaLee.02G086600.1.p	RLK	lrr
GlymaLee.02G088700.1.p	RLK	other_receptor
GlymaLee.02G089000.1.p	RLK	other_receptor
GlymaLee.02G089100.1.p	RLK	other_receptor
GlymaLee.02G091000.1.p	RLK	other_receptor
GlymaLee.02G106300.1.p	RLK	lrr
GlymaLee.02G107300.1.p	RLK	other_receptor
GlymaLee.02G107400.1.p	RLK	other_receptor
GlymaLee.02G112400.1.p	RLK	lrr
GlymaLee.02G113900.1.p	RLK	other_receptor
GlymaLee.02G134300.1.p	RLK	other_receptor
GlymaLee.02G139300.1.p	RLK	other_receptor
GlymaLee.02G149300.1.p	RLK	other_receptor
GlymaLee.02G151900.1.p	RLK	lrr
GlymaLee.02G152900.1.p	RLK	lrr
GlymaLee.02G156500.1.p	RLK	other_receptor
GlymaLee.02G157600.1.p	RLK	other_receptor
GlymaLee.02G165200.1.p	RLK	other_receptor
GlymaLee.02G165900.1.p	RLK	lrr
GlymaLee.02G171000.1.p	RLK	lrr
GlymaLee.02G173800.1.p	RLK	lrr
GlymaLee.02G174900.1.p	RLK	lrr
GlymaLee.02G185400.1.p	RLK	lrr
GlymaLee.02G187200.1.p	RLK	other_receptor
GlymaLee.02G192500.1.p	RLK	other_receptor
GlymaLee.02G193400.1.p	RLK	lrr
GlymaLee.02G198200.1.p	RLK	other_receptor
GlymaLee.02G198400.1.p	RLK	other_receptor
GlymaLee.02G200200.1.p	RLK	lrr
GlymaLee.02G200500.1.p	RLK	lrr
GlymaLee.02G204700.1.p	RLK	other_receptor
GlymaLee.02G205700.1.p	RLK	lrr
GlymaLee.02G207200.1.p	RLK	lrr
GlymaLee.02G218600.1.p	RLK	other_receptor
GlymaLee.02G222100.1.p	RLK	lrr
GlymaLee.02G224600.1.p	RLK	lrr
GlymaLee.02G229100.1.p	RLK	lysm
GlymaLee.02G230400.1.p	RLK	other_receptor
GlymaLee.02G233800.1.p	RLK	lrr
GlymaLee.02G235300.1.p	RLK	other_receptor
GlymaLee.02G238300.1.p	RLK	other_receptor
GlymaLee.02G240300.1.p	RLK	lrr
GlymaLee.02G244900.1.p	RLK	other_receptor
GlymaLee.02G247200.1.p	RLK	lrr
GlymaLee.02G249800.1.p	RLK	other_receptor
GlymaLee.02G255000.1.p	RLK	lrr
GlymaLee.02G259600.1.p	RLK	lrr
GlymaLee.03G002600.1.p	RLK	other_receptor
GlymaLee.03G002800.1.p	RLK	other_receptor
GlymaLee.03G002900.1.p	RLK	other_receptor
GlymaLee.03G003000.1.p	RLK	other_receptor
GlymaLee.03G003100.1.p	RLK	other_receptor
GlymaLee.03G017900.1.p	RLK	other_receptor
GlymaLee.03G020900.1.p	RLK	lrr
GlymaLee.03G023500.1.p	RLK	lrr
GlymaLee.03G024200.1.p	RLK	lrr
GlymaLee.03G030800.1.p	RLK	lrr
GlymaLee.03G041600.1.p	RLK	lrr
GlymaLee.03G042900.1.p	RLK	lrr
GlymaLee.03G044100.1.p	RLK	other_receptor
GlymaLee.03G046200.1.p	RLK	other_receptor
GlymaLee.03G046300.1.p	RLK	other_receptor
GlymaLee.03G054600.1.p	RLK	other_receptor
GlymaLee.03G055100.1.p	RLK	other_receptor
GlymaLee.03G064700.1.p	RLK	other_receptor
GlymaLee.03G072700.1.p	RLK	other_receptor
GlymaLee.03G072800.1.p	RLK	other_receptor
GlymaLee.03G075700.1.p	RLK	lrr
GlymaLee.03G107000.1.p	RLK	lrr
GlymaLee.03G107800.1.p	RLK	other_receptor
GlymaLee.03G109500.1.p	RLK	lrr
GlymaLee.03G110100.1.p	RLK	lrr
GlymaLee.03G111600.1.p	RLK	lrr
GlymaLee.03G117300.1.p	RLK	other_receptor
GlymaLee.03G132500.1.p	RLK	lrr
GlymaLee.03G132600.1.p	RLK	lrr
GlymaLee.03G133000.1.p	RLK	lrr
GlymaLee.03G133100.1.p	RLK	lrr
GlymaLee.03G134300.1.p	RLK	lrr
GlymaLee.03G136200.1.p	RLK	other_receptor
GlymaLee.03G143500.1.p	RLK	lrr
GlymaLee.03G153200.1.p	RLK	other_receptor
GlymaLee.03G154500.1.p	RLK	lrr
GlymaLee.03G166000.1.p	RLK	lrr
GlymaLee.03G183800.1.p	RLK	other_receptor
GlymaLee.03G191900.1.p	RLK	other_receptor
GlymaLee.03G209800.1.p	RLK	other_receptor
GlymaLee.03G214900.1.p	RLK	other_receptor
GlymaLee.03G221300.1.p	RLK	other_receptor
GlymaLee.03G222900.1.p	RLK	other_receptor
GlymaLee.03G223500.1.p	RLK	lrr
GlymaLee.03G223700.1.p	RLK	lrr
GlymaLee.04G012300.1.p	RLK	lrr
GlymaLee.04G012400.1.p	RLK	other_receptor
GlymaLee.04G012800.1.p	RLK	other_receptor
GlymaLee.04G026000.1.p	RLK	lrr
GlymaLee.04G033700.1.p	RLK	other_receptor
GlymaLee.04G039500.1.p	RLK	lrr
GlymaLee.04G040400.1.p	RLK	other_receptor
GlymaLee.04G040500.1.p	RLK	other_receptor
GlymaLee.04G053700.1.p	RLK	lrr
GlymaLee.04G058000.1.p	RLK	other_receptor
GlymaLee.04G059600.1.p	RLK	other_receptor
GlymaLee.04G062000.1.p	RLK	other_receptor
GlymaLee.04G062800.1.p	RLK	other_receptor
GlymaLee.04G072000.1.p	RLK	lrr
GlymaLee.04G074800.1.p	RLK	other_receptor
GlymaLee.04G079100.1.p	RLK	lrr
GlymaLee.04G080300.1.p	RLK	lrr
GlymaLee.04G082200.1.p	RLK	lrr
GlymaLee.04G082300.1.p	RLK	lrr
GlymaLee.04G100900.1.p	RLK	lrr
GlymaLee.04G107800.1.p	RLK	other_receptor
GlymaLee.04G115300.1.p	RLK	other_receptor
GlymaLee.04G122400.1.p	RLK	other_receptor
GlymaLee.04G123200.1.p	RLK	lrr
GlymaLee.04G133900.1.p	RLK	lrr
GlymaLee.04G140500.1.p	RLK	lrr
GlymaLee.04G154200.1.p	RLK	lrr
GlymaLee.04G157900.1.p	RLK	lrr
GlymaLee.04G179000.1.p	RLK	lrr
GlymaLee.04G181100.1.p	RLK	lrr
GlymaLee.04G183700.1.p	RLK	lrr
GlymaLee.04G184700.1.p	RLK	lrr
GlymaLee.04G190800.1.p	RLK	lrr
GlymaLee.04G198700.1.p	RLK	lrr
GlymaLee.04G199300.1.p	RLK	lrr
GlymaLee.04G203100.1.p	RLK	other_receptor
GlymaLee.05G005000.1.p	RLK	other_receptor
GlymaLee.05G010500.1.p	RLK	lrr
GlymaLee.05G021600.1.p	RLK	lrr
GlymaLee.05G027700.1.p	RLK	lrr
GlymaLee.05G029500.1.p	RLK	other_receptor
GlymaLee.05G036600.1.p	RLK	lrr
GlymaLee.05G038000.1.p	RLK	other_receptor
GlymaLee.05G048700.1.p	RLK	lrr
GlymaLee.05G067200.1.p	RLK	lrr
GlymaLee.05G077400.1.p	RLK	lrr
GlymaLee.05G081500.1.p	RLK	lrr
GlymaLee.05G082700.1.p	RLK	other_receptor
GlymaLee.05G082800.1.p	RLK	other_receptor
GlymaLee.05G082900.1.p	RLK	other_receptor
GlymaLee.05G090800.1.p	RLK	lrr
GlymaLee.05G097500.1.p	RLK	lrr
GlymaLee.05G097600.1.p	RLK	lrr
GlymaLee.05G101600.1.p	RLK	lrr
GlymaLee.05G103500.1.p	RLK	lrr
GlymaLee.05G105300.1.p	RLK	lrr
GlymaLee.05G111500.1.p	RLK	lrr
GlymaLee.05G113500.1.p	RLK	lrr
GlymaLee.05G120800.1.p	RLK	lrr
GlymaLee.05G127100.1.p	RLK	lrr
GlymaLee.05G134500.1.p	RLK	other_receptor
GlymaLee.05G134600.1.p	RLK	lrr
GlymaLee.05G135100.1.p	RLK	lrr
GlymaLee.05G138300.1.p	RLK	lrr
GlymaLee.05G143900.1.p	RLK	other_receptor
GlymaLee.05G145500.1.p	RLK	lrr
GlymaLee.05G151800.1.p	RLK	lrr
GlymaLee.05G168900.1.p	RLK	lrr
GlymaLee.05G177800.1.p	RLK	lrr
GlymaLee.05G178600.1.p	RLK	other_receptor
GlymaLee.05G184900.1.p	RLK	lrr
GlymaLee.05G187500.1.p	RLK	other_receptor
GlymaLee.05G206400.1.p	RLK	other_receptor
GlymaLee.05G214100.1.p	RLK	other_receptor
GlymaLee.05G216000.1.p	RLK	lrr
GlymaLee.06G011500.1.p	RLK	lrr
GlymaLee.06G011600.1.p	RLK	other_receptor
GlymaLee.06G024400.1.p	RLK	lrr
GlymaLee.06G032800.1.p	RLK	other_receptor
GlymaLee.06G039400.1.p	RLK	other_receptor
GlymaLee.06G051000.1.p	RLK	lrr
GlymaLee.06G056300.1.p	RLK	other_receptor
GlymaLee.06G058200.1.p	RLK	other_receptor
GlymaLee.06G061000.1.p	RLK	other_receptor
GlymaLee.06G061800.1.p	RLK	other_receptor
GlymaLee.06G074900.1.p	RLK	other_receptor
GlymaLee.06G079800.1.p	RLK	lrr
GlymaLee.06G081200.1.p	RLK	lrr
GlymaLee.06G083000.1.p	RLK	lrr
GlymaLee.06G083100.1.p	RLK	lrr
GlymaLee.06G101900.1.p	RLK	other_receptor
GlymaLee.06G109900.1.p	RLK	other_receptor
GlymaLee.06G114000.1.p	RLK	lrr
GlymaLee.06G114600.1.p	RLK	lrr
GlymaLee.06G117200.1.p	RLK	other_receptor
GlymaLee.06G124200.1.p	RLK	lrr
GlymaLee.06G129800.1.p	RLK	lrr
GlymaLee.06G131200.1.p	RLK	lrr
GlymaLee.06G134000.1.p	RLK	lrr
GlymaLee.06G136200.1.p	RLK	lrr
GlymaLee.06G159400.1.p	RLK	lrr
GlymaLee.06G162700.1.p	RLK	lrr
GlymaLee.06G170800.1.p	RLK	lrr
GlymaLee.06G175400.1.p	RLK	lrr
GlymaLee.06G182100.1.p	RLK	lrr
GlymaLee.06G192100.1.p	RLK	lrr
GlymaLee.06G194500.1.p	RLK	other_receptor
GlymaLee.06G195800.1.p	RLK	lrr
GlymaLee.06G198500.1.p	RLK	lrr
GlymaLee.06G202100.1.p	RLK	other_receptor
GlymaLee.06G202200.1.p	RLK	lrr
GlymaLee.06G208900.1.p	RLK	lrr
GlymaLee.06G210200.1.p	RLK	lrr
GlymaLee.06G216900.1.p	RLK	other_receptor
GlymaLee.06G222200.1.p	RLK	other_receptor
GlymaLee.06G222700.1.p	RLK	other_receptor
GlymaLee.06G222800.1.p	RLK	other_receptor
GlymaLee.06G222900.1.p	RLK	other_receptor
GlymaLee.06G223100.1.p	RLK	other_receptor
GlymaLee.06G223200.1.p	RLK	other_receptor
GlymaLee.06G223300.1.p	RLK	other_receptor
GlymaLee.06G223400.1.p	RLK	other_receptor
GlymaLee.06G223800.1.p	RLK	other_receptor
GlymaLee.06G224000.1.p	RLK	other_receptor
GlymaLee.06G224100.1.p	RLK	other_receptor
GlymaLee.06G224200.1.p	RLK	other_receptor
GlymaLee.06G224300.1.p	RLK	other_receptor
GlymaLee.06G224400.1.p	RLK	other_receptor
GlymaLee.06G224600.1.p	RLK	other_receptor
GlymaLee.06G224700.1.p	RLK	other_receptor
GlymaLee.06G226200.1.p	RLK	other_receptor
GlymaLee.06G226300.1.p	RLK	other_receptor
GlymaLee.06G226400.1.p	RLK	other_receptor
GlymaLee.06G227100.1.p	RLK	other_receptor
GlymaLee.06G227200.1.p	RLK	other_receptor
GlymaLee.06G227300.1.p	RLK	other_receptor
GlymaLee.06G227400.1.p	RLK	other_receptor
GlymaLee.06G227500.1.p	RLK	other_receptor
GlymaLee.06G227600.1.p	RLK	other_receptor
GlymaLee.06G227800.1.p	RLK	other_receptor
GlymaLee.06G231500.1.p	RLK	other_receptor
GlymaLee.06G247600.1.p	RLK	lrr
GlymaLee.06G250800.1.p	RLK	other_receptor
GlymaLee.06G254900.1.p	RLK	lrr
GlymaLee.06G258400.1.p	RLK	other_receptor
GlymaLee.06G268600.1.p	RLK	other_receptor
GlymaLee.06G276300.1.p	RLK	lrr
GlymaLee.07G004200.1.p	RLK	other_receptor
GlymaLee.07G004300.1.p	RLK	other_receptor
GlymaLee.07G008900.1.p	RLK	other_receptor
GlymaLee.07G012300.1.p	RLK	lrr
GlymaLee.07G013500.1.p	RLK	lysm
GlymaLee.07G021400.1.p	RLK	other_receptor
GlymaLee.07G038200.1.p	RLK	lrr
GlymaLee.07G043500.1.p	RLK	lrr
GlymaLee.07G043900.1.p	RLK	lrr
GlymaLee.07G047500.1.p	RLK	other_receptor
GlymaLee.07G052100.1.p	RLK	other_receptor
GlymaLee.07G061400.1.p	RLK	other_receptor
GlymaLee.07G063800.1.p	RLK	other_receptor
GlymaLee.07G074100.1.p	RLK	other_receptor
GlymaLee.07G076100.1.p	RLK	other_receptor
GlymaLee.07G079000.1.p	RLK	other_receptor
GlymaLee.07G086700.1.p	RLK	other_receptor
GlymaLee.07G086800.1.p	RLK	other_receptor
GlymaLee.07G086900.1.p	RLK	other_receptor
GlymaLee.07G087200.1.p	RLK	other_receptor
GlymaLee.07G087300.1.p	RLK	other_receptor
GlymaLee.07G087500.1.p	RLK	other_receptor
GlymaLee.07G087600.1.p	RLK	other_receptor
GlymaLee.07G087800.1.p	RLK	other_receptor
GlymaLee.07G087900.1.p	RLK	other_receptor
GlymaLee.07G092800.1.p	RLK	other_receptor
GlymaLee.07G094700.1.p	RLK	lrr
GlymaLee.07G099000.1.p	RLK	other_receptor
GlymaLee.07G099200.1.p	RLK	other_receptor
GlymaLee.07G112900.1.p	RLK	lrr
GlymaLee.07G116400.1.p	RLK	lrr
GlymaLee.07G120300.1.p	RLK	other_receptor
GlymaLee.07G120400.1.p	RLK	other_receptor
GlymaLee.07G121600.1.p	RLK	other_receptor
GlymaLee.07G121700.1.p	RLK	other_receptor
GlymaLee.07G129600.1.p	RLK	lrr
GlymaLee.07G135000.1.p	RLK	other_receptor
GlymaLee.07G136400.1.p	RLK	lrr
GlymaLee.07G136600.1.p	RLK	lrr
GlymaLee.07G146700.1.p	RLK	other_receptor
GlymaLee.07G146800.1.p	RLK	lrr
GlymaLee.07G154300.1.p	RLK	other_receptor
GlymaLee.07G154400.1.p	RLK	other_receptor
GlymaLee.07G158700.1.p	RLK	other_receptor
GlymaLee.07G161800.1.p	RLK	lrr
GlymaLee.07G170400.1.p	RLK	lrr
GlymaLee.07G170500.1.p	RLK	other_receptor
GlymaLee.07G180600.1.p	RLK	other_receptor
GlymaLee.07G197700.1.p	RLK	other_receptor
GlymaLee.07G221700.1.p	RLK	other_receptor
GlymaLee.07G231400.1.p	RLK	lrr
GlymaLee.07G231500.1.p	RLK	lrr
GlymaLee.08G003800.1.p	RLK	lrr
GlymaLee.08G012300.1.p	RLK	lrr
GlymaLee.08G013200.1.p	RLK	other_receptor
GlymaLee.08G019500.1.p	RLK	lrr
GlymaLee.08G021500.1.p	RLK	other_receptor
GlymaLee.08G025900.1.p	RLK	lrr
GlymaLee.08G041300.1.p	RLK	other_receptor
GlymaLee.08G041400.1.p	RLK	other_receptor
GlymaLee.08G045400.1.p	RLK	lrr
GlymaLee.08G048600.1.p	RLK	other_receptor
GlymaLee.08G051400.1.p	RLK	lrr
GlymaLee.08G055900.1.p	RLK	other_receptor
GlymaLee.08G056200.1.p	RLK	other_receptor
GlymaLee.08G056500.1.p	RLK	other_receptor
GlymaLee.08G057200.1.p	RLK	other_receptor
GlymaLee.08G058000.1.p	RLK	lrr
GlymaLee.08G058100.1.p	RLK	other_receptor
GlymaLee.08G058200.1.p	RLK	lrr
GlymaLee.08G060300.1.p	RLK	other_receptor
GlymaLee.08G060500.1.p	RLK	other_receptor
GlymaLee.08G060600.1.p	RLK	other_receptor
GlymaLee.08G060700.1.p	RLK	other_receptor
GlymaLee.08G060800.1.p	RLK	other_receptor
GlymaLee.08G060900.1.p	RLK	other_receptor
GlymaLee.08G069100.1.p	RLK	lrr
GlymaLee.08G069800.1.p	RLK	other_receptor
GlymaLee.08G076800.1.p	RLK	lrr
GlymaLee.08G083100.1.p	RLK	lrr
GlymaLee.08G085200.1.p	RLK	lrr
GlymaLee.08G086100.1.p	RLK	other_receptor
GlymaLee.08G087200.1.p	RLK	other_receptor
GlymaLee.08G093000.1.p	RLK	lrr
GlymaLee.08G099500.1.p	RLK	lrr
GlymaLee.08G107500.1.p	RLK	other_receptor
GlymaLee.08G107600.1.p	RLK	lrr
GlymaLee.08G108000.1.p	RLK	lrr
GlymaLee.08G114600.1.p	RLK	lrr
GlymaLee.08G116400.1.p	RLK	other_receptor
GlymaLee.08G117900.1.p	RLK	other_receptor
GlymaLee.08G119000.1.p	RLK	lrr
GlymaLee.08G119100.1.p	RLK	lrr
GlymaLee.08G125500.1.p	RLK	lrr
GlymaLee.08G155400.1.p	RLK	other_receptor
GlymaLee.08G162500.1.p	RLK	lrr
GlymaLee.08G164200.1.p	RLK	other_receptor
GlymaLee.08G167300.1.p	RLK	other_receptor
GlymaLee.08G168500.1.p	RLK	lrr
GlymaLee.08G174300.1.p	RLK	other_receptor
GlymaLee.08G179400.1.p	RLK	other_receptor
GlymaLee.08G183800.1.p	RLK	lrr
GlymaLee.08G184100.1.p	RLK	lrr
GlymaLee.08G184300.1.p	RLK	lrr
GlymaLee.08G184400.1.p	RLK	lrr
GlymaLee.08G184900.1.p	RLK	lrr
GlymaLee.08G186300.1.p	RLK	lysm
GlymaLee.08G202100.1.p	RLK	other_receptor
GlymaLee.08G209000.1.p	RLK	lrr
GlymaLee.08G210300.1.p	RLK	other_receptor
GlymaLee.08G211800.1.p	RLK	lrr
GlymaLee.08G213400.1.p	RLK	other_receptor
GlymaLee.08G217200.1.p	RLK	lrr
GlymaLee.08G217300.1.p	RLK	lrr
GlymaLee.08G217900.1.p	RLK	other_receptor
GlymaLee.08G225700.1.p	RLK	lrr
GlymaLee.08G227900.1.p	RLK	other_receptor
GlymaLee.08G228200.1.p	RLK	other_receptor
GlymaLee.08G228600.1.p	RLK	other_receptor
GlymaLee.08G231700.1.p	RLK	other_receptor
GlymaLee.08G233500.1.p	RLK	lrr
GlymaLee.08G234700.1.p	RLK	other_receptor
GlymaLee.08G236000.1.p	RLK	other_receptor
GlymaLee.08G241800.1.p	RLK	lrr
GlymaLee.08G253500.1.p	RLK	lysm
GlymaLee.08G254200.1.p	RLK	other_receptor
GlymaLee.08G256900.1.p	RLK	other_receptor
GlymaLee.08G266300.1.p	RLK	lrr
GlymaLee.08G270800.1.p	RLK	lrr
GlymaLee.08G274800.1.p	RLK	other_receptor
GlymaLee.08G274900.1.p	RLK	other_receptor
GlymaLee.08G276500.1.p	RLK	other_receptor
GlymaLee.08G298100.1.p	RLK	lrr
GlymaLee.08G314400.1.p	RLK	other_receptor
GlymaLee.08G314600.1.p	RLK	other_receptor
GlymaLee.08G314700.1.p	RLK	other_receptor
GlymaLee.08G314900.1.p	RLK	other_receptor
GlymaLee.08G317300.1.p	RLK	other_receptor
GlymaLee.08G317400.1.p	RLK	other_receptor
GlymaLee.08G317500.1.p	RLK	other_receptor
GlymaLee.08G317600.1.p	RLK	other_receptor
GlymaLee.08G319400.1.p	RLK	lrr
GlymaLee.08G319600.1.p	RLK	lrr
GlymaLee.09G002800.1.p	RLK	other_receptor
GlymaLee.09G005000.1.p	RLK	other_receptor
GlymaLee.09G006500.1.p	RLK	lrr
GlymaLee.09G014100.1.p	RLK	other_receptor
GlymaLee.09G018200.1.p	RLK	lrr
GlymaLee.09G018300.1.p	RLK	lrr
GlymaLee.09G023700.1.p	RLK	other_receptor
GlymaLee.09G023900.1.p	RLK	lrr
GlymaLee.09G026100.1.p	RLK	other_receptor
GlymaLee.09G026300.1.p	RLK	other_receptor
GlymaLee.09G026400.1.p	RLK	other_receptor
GlymaLee.09G026500.1.p	RLK	other_receptor
GlymaLee.09G026600.1.p	RLK	other_receptor
GlymaLee.09G044600.1.p	RLK	lrr
GlymaLee.09G046200.1.p	RLK	lrr
GlymaLee.09G050700.1.p	RLK	other_receptor
GlymaLee.09G056900.1.p	RLK	other_receptor
GlymaLee.09G057600.1.p	RLK	other_receptor
GlymaLee.09G065300.1.p	RLK	other_receptor
GlymaLee.09G070500.1.p	RLK	other_receptor
GlymaLee.09G076400.1.p	RLK	other_receptor
GlymaLee.09G081200.1.p	RLK	lrr
GlymaLee.09G081600.1.p	RLK	other_receptor
GlymaLee.09G082400.1.p	RLK	other_receptor
GlymaLee.09G082500.1.p	RLK	other_receptor
GlymaLee.09G083000.1.p	RLK	lrr
GlymaLee.09G089400.1.p	RLK	other_receptor
GlymaLee.09G089600.1.p	RLK	other_receptor
GlymaLee.09G092800.1.p	RLK	lrr
GlymaLee.09G104400.1.p	RLK	other_receptor
GlymaLee.09G116400.1.p	RLK	other_receptor
GlymaLee.09G116800.1.p	RLK	other_receptor
GlymaLee.09G117000.1.p	RLK	other_receptor
GlymaLee.09G117100.1.p	RLK	other_receptor
GlymaLee.09G117700.1.p	RLK	lrr
GlymaLee.09G119600.1.p	RLK	lrr
GlymaLee.09G124900.1.p	RLK	lrr
GlymaLee.09G125400.1.p	RLK	lrr
GlymaLee.09G136500.1.p	RLK	lrr
GlymaLee.09G140200.1.p	RLK	other_receptor
GlymaLee.09G144500.1.p	RLK	other_receptor
GlymaLee.09G144800.1.p	RLK	other_receptor
GlymaLee.09G153800.1.p	RLK	other_receptor
GlymaLee.09G159100.1.p	RLK	other_receptor
GlymaLee.09G161400.1.p	RLK	other_receptor
GlymaLee.09G163700.1.p	RLK	lrr
GlymaLee.09G176100.1.p	RLK	lrr
GlymaLee.09G176800.1.p	RLK	lrr
GlymaLee.09G177600.1.p	RLK	lrr
GlymaLee.09G177800.1.p	RLK	lrr
GlymaLee.09G189500.1.p	RLK	lrr
GlymaLee.09G201500.1.p	RLK	lrr
GlymaLee.09G204200.1.p	RLK	lrr
GlymaLee.09G210200.1.p	RLK	lysm
GlymaLee.09G212700.1.p	RLK	other_receptor
GlymaLee.09G227900.1.p	RLK	lrr
GlymaLee.09G228400.1.p	RLK	lrr
GlymaLee.09G228800.1.p	RLK	other_receptor
GlymaLee.09G230100.1.p	RLK	lrr
GlymaLee.10G011000.1.p	RLK	other_receptor
GlymaLee.10G021600.1.p	RLK	other_receptor
GlymaLee.10G037700.1.p	RLK	lrr
GlymaLee.10G038500.1.p	RLK	other_receptor
GlymaLee.10G045400.1.p	RLK	lrr
GlymaLee.10G048600.1.p	RLK	other_receptor
GlymaLee.10G048700.1.p	RLK	other_receptor
GlymaLee.10G059500.1.p	RLK	lrr
GlymaLee.10G063200.1.p	RLK	lrr
GlymaLee.10G072200.1.p	RLK	lrr
GlymaLee.10G079800.1.p	RLK	lrr
GlymaLee.10G083800.1.p	RLK	other_receptor
GlymaLee.10G085100.1.p	RLK	other_receptor
GlymaLee.10G086900.1.p	RLK	other_receptor
GlymaLee.10G088200.1.p	RLK	other_receptor
GlymaLee.10G092100.1.p	RLK	other_receptor
GlymaLee.10G103200.1.p	RLK	lrr
GlymaLee.10G116200.1.p	RLK	other_receptor
GlymaLee.10G127600.1.p	RLK	other_receptor
GlymaLee.10G134200.1.p	RLK	other_receptor
GlymaLee.10G135300.1.p	RLK	lrr
GlymaLee.10G146000.1.p	RLK	lrr
GlymaLee.10G163700.1.p	RLK	lrr
GlymaLee.10G184700.1.p	RLK	lrr
GlymaLee.10G186600.1.p	RLK	lrr
GlymaLee.10G188400.1.p	RLK	other_receptor
GlymaLee.10G191900.1.p	RLK	other_receptor
GlymaLee.10G193800.1.p	RLK	other_receptor
GlymaLee.10G196200.1.p	RLK	other_receptor
GlymaLee.10G202000.1.p	RLK	lrr
GlymaLee.10G205800.1.p	RLK	other_receptor
GlymaLee.10G206600.1.p	RLK	lrr
GlymaLee.10G216000.1.p	RLK	other_receptor
GlymaLee.10G216100.1.p	RLK	other_receptor
GlymaLee.10G216300.1.p	RLK	other_receptor
GlymaLee.10G216400.1.p	RLK	other_receptor
GlymaLee.10G216500.1.p	RLK	other_receptor
GlymaLee.10G216600.1.p	RLK	other_receptor
GlymaLee.10G216700.1.p	RLK	other_receptor
GlymaLee.10G216800.1.p	RLK	other_receptor
GlymaLee.10G217000.1.p	RLK	other_receptor
GlymaLee.10G217200.1.p	RLK	other_receptor
GlymaLee.10G217300.1.p	RLK	other_receptor
GlymaLee.10G224000.1.p	RLK	lrr
GlymaLee.10G231500.1.p	RLK	lrr
GlymaLee.10G232100.1.p	RLK	other_receptor
GlymaLee.10G232400.1.p	RLK	other_receptor
GlymaLee.10G232700.1.p	RLK	other_receptor
GlymaLee.10G232800.1.p	RLK	other_receptor
GlymaLee.10G232900.1.p	RLK	lrr
GlymaLee.11G002300.1.p	RLK	other_receptor
GlymaLee.11G017600.1.p	RLK	lrr
GlymaLee.11G018600.1.p	RLK	other_receptor
GlymaLee.11G022700.1.p	RLK	lrr
GlymaLee.11G026100.1.p	RLK	lrr
GlymaLee.11G027700.1.p	RLK	lrr
GlymaLee.11G033600.1.p	RLK	other_receptor
GlymaLee.11G035200.1.p	RLK	other_receptor
GlymaLee.11G040000.1.p	RLK	lrr
GlymaLee.11G040200.1.p	RLK	lrr
GlymaLee.11G050600.1.p	RLK	other_receptor
GlymaLee.11G058500.1.p	RLK	other_receptor
GlymaLee.11G058600.1.p	RLK	lysm
GlymaLee.11G069800.1.p	RLK	lrr
GlymaLee.11G080900.1.p	RLK	other_receptor
GlymaLee.11G082700.1.p	RLK	other_receptor
GlymaLee.11G097600.1.p	RLK	lrr
GlymaLee.11G106800.1.p	RLK	lrr
GlymaLee.11G110500.1.p	RLK	other_receptor
GlymaLee.11G119200.1.p	RLK	other_receptor
GlymaLee.11G134400.1.p	RLK	other_receptor
GlymaLee.11G145200.1.p	RLK	lrr
GlymaLee.11G160200.1.p	RLK	other_receptor
GlymaLee.11G160600.1.p	RLK	other_receptor
GlymaLee.11G166900.1.p	RLK	other_receptor
GlymaLee.11G172800.1.p	RLK	other_receptor
GlymaLee.11G173200.1.p	RLK	other_receptor
GlymaLee.11G177500.1.p	RLK	lrr
GlymaLee.11G182000.1.p	RLK	other_receptor
GlymaLee.11G184800.1.p	RLK	lrr
GlymaLee.11G186900.1.p	RLK	lrr
GlymaLee.11G187400.1.p	RLK	lrr
GlymaLee.11G190900.1.p	RLK	other_receptor
GlymaLee.11G191000.1.p	RLK	other_receptor
GlymaLee.11G191100.1.p	RLK	other_receptor
GlymaLee.11G191300.1.p	RLK	other_receptor
GlymaLee.11G191400.1.p	RLK	other_receptor
GlymaLee.11G191500.1.p	RLK	other_receptor
GlymaLee.11G191600.1.p	RLK	other_receptor
GlymaLee.11G191700.1.p	RLK	other_receptor
GlymaLee.11G191900.1.p	RLK	other_receptor
GlymaLee.11G192100.1.p	RLK	other_receptor
GlymaLee.11G192200.1.p	RLK	other_receptor
GlymaLee.11G192300.1.p	RLK	other_receptor
GlymaLee.11G192400.1.p	RLK	other_receptor
GlymaLee.11G192500.1.p	RLK	other_receptor
GlymaLee.11G192600.1.p	RLK	other_receptor
GlymaLee.11G192700.1.p	RLK	other_receptor
GlymaLee.11G193500.1.p	RLK	other_receptor
GlymaLee.11G195500.1.p	RLK	other_receptor
GlymaLee.11G196800.1.p	RLK	lrr
GlymaLee.11G202300.1.p	RLK	other_receptor
GlymaLee.11G204300.1.p	RLK	other_receptor
GlymaLee.11G211100.1.p	RLK	other_receptor
GlymaLee.11G212600.1.p	RLK	lrr
GlymaLee.11G213900.1.p	RLK	lrr
GlymaLee.11G215700.1.p	RLK	other_receptor
GlymaLee.11G220800.1.p	RLK	lrr
GlymaLee.11G225600.1.p	RLK	lrr
GlymaLee.11G233100.1.p	RLK	lrr
GlymaLee.12G002400.1.p	RLK	other_receptor
GlymaLee.12G002500.1.p	RLK	lrr
GlymaLee.12G006000.1.p	RLK	lrr
GlymaLee.12G006700.1.p	RLK	lrr
GlymaLee.12G007000.1.p	RLK	lrr
GlymaLee.12G027800.1.p	RLK	lrr
GlymaLee.12G037400.1.p	RLK	lrr
GlymaLee.12G040900.1.p	RLK	other_receptor
GlymaLee.12G048700.1.p	RLK	other_receptor
GlymaLee.12G069100.1.p	RLK	other_receptor
GlymaLee.12G071400.1.p	RLK	other_receptor
GlymaLee.12G071700.1.p	RLK	other_receptor
GlymaLee.12G086600.1.p	RLK	lrr
GlymaLee.12G094400.1.p	RLK	other_receptor
GlymaLee.12G094800.1.p	RLK	other_receptor
GlymaLee.12G098000.1.p	RLK	lrr
GlymaLee.12G102300.1.p	RLK	other_receptor
GlymaLee.12G105400.1.p	RLK	lrr
GlymaLee.12G119100.1.p	RLK	other_receptor
GlymaLee.12G121000.1.p	RLK	other_receptor
GlymaLee.12G121100.1.p	RLK	other_receptor
GlymaLee.12G121200.1.p	RLK	other_receptor
GlymaLee.12G122200.1.p	RLK	other_receptor
GlymaLee.12G122300.1.p	RLK	other_receptor
GlymaLee.12G122400.1.p	RLK	other_receptor
GlymaLee.12G122500.1.p	RLK	other_receptor
GlymaLee.12G122600.1.p	RLK	other_receptor
GlymaLee.12G122800.1.p	RLK	other_receptor
GlymaLee.12G122900.1.p	RLK	other_receptor
GlymaLee.12G123200.1.p	RLK	other_receptor
GlymaLee.12G123400.1.p	RLK	other_receptor
GlymaLee.12G123500.1.p	RLK	other_receptor
GlymaLee.12G123600.1.p	RLK	other_receptor
GlymaLee.12G123800.1.p	RLK	other_receptor
GlymaLee.12G124000.1.p	RLK	other_receptor
GlymaLee.12G126100.1.p	RLK	other_receptor
GlymaLee.12G130100.1.p	RLK	lrr
GlymaLee.12G135800.1.p	RLK	lrr
GlymaLee.12G143900.1.p	RLK	other_receptor
GlymaLee.12G146100.1.p	RLK	other_receptor
GlymaLee.12G157800.1.p	RLK	lrr
GlymaLee.12G167100.1.p	RLK	other_receptor
GlymaLee.12G167200.1.p	RLK	other_receptor
GlymaLee.12G167300.1.p	RLK	other_receptor
GlymaLee.12G167600.1.p	RLK	other_receptor
GlymaLee.12G167800.1.p	RLK	other_receptor
GlymaLee.12G170700.1.p	RLK	lrr
GlymaLee.12G174000.1.p	RLK	other_receptor
GlymaLee.12G175600.1.p	RLK	lrr
GlymaLee.12G180000.1.p	RLK	other_receptor
GlymaLee.12G184000.1.p	RLK	other_receptor
GlymaLee.12G188000.1.p	RLK	other_receptor
GlymaLee.12G192700.1.p	RLK	lrr
GlymaLee.12G198500.1.p	RLK	lrr
GlymaLee.12G199100.1.p	RLK	lrr
GlymaLee.12G199200.1.p	RLK	other_receptor
GlymaLee.12G199300.1.p	RLK	lrr
GlymaLee.12G201700.1.p	RLK	other_receptor
GlymaLee.13G012300.1.p	RLK	other_receptor
GlymaLee.13G012400.1.p	RLK	other_receptor
GlymaLee.13G012500.1.p	RLK	other_receptor
GlymaLee.13G013100.1.p	RLK	other_receptor
GlymaLee.13G013200.1.p	RLK	other_receptor
GlymaLee.13G013500.1.p	RLK	other_receptor
GlymaLee.13G013600.1.p	RLK	other_receptor
GlymaLee.13G013700.1.p	RLK	other_receptor
GlymaLee.13G013900.1.p	RLK	other_receptor
GlymaLee.13G014200.1.p	RLK	other_receptor
GlymaLee.13G014300.1.p	RLK	other_receptor
GlymaLee.13G014400.1.p	RLK	other_receptor
GlymaLee.13G014500.1.p	RLK	other_receptor
GlymaLee.13G016100.1.p	RLK	other_receptor
GlymaLee.13G016200.1.p	RLK	other_receptor
GlymaLee.13G016300.1.p	RLK	other_receptor
GlymaLee.13G018900.1.p	RLK	lrr
GlymaLee.13G019100.1.p	RLK	lrr
GlymaLee.13G027500.1.p	RLK	lrr
GlymaLee.13G030600.1.p	RLK	other_receptor
GlymaLee.13G030900.1.p	RLK	other_receptor
GlymaLee.13G031000.1.p	RLK	other_receptor
GlymaLee.13G031200.1.p	RLK	other_receptor
GlymaLee.13G031300.1.p	RLK	other_receptor
GlymaLee.13G033000.1.p	RLK	lrr
GlymaLee.13G042400.1.p	RLK	lrr
GlymaLee.13G051700.1.p	RLK	other_receptor
GlymaLee.13G074000.1.p	RLK	other_receptor
GlymaLee.13G081300.1.p	RLK	lrr
GlymaLee.13G096600.1.p	RLK	lrr
GlymaLee.13G097600.1.p	RLK	other_receptor
GlymaLee.13G105900.1.p	RLK	lrr
GlymaLee.13G108700.1.p	RLK	other_receptor
GlymaLee.13G108800.1.p	RLK	other_receptor
GlymaLee.13G118100.1.p	RLK	lrr
GlymaLee.13G121500.1.p	RLK	lrr
GlymaLee.13G130500.1.p	RLK	other_receptor
GlymaLee.13G131200.1.p	RLK	other_receptor
GlymaLee.13G136000.1.p	RLK	other_receptor
GlymaLee.13G142500.1.p	RLK	other_receptor
GlymaLee.13G142600.1.p	RLK	lrr
GlymaLee.13G150900.1.p	RLK	lrr
GlymaLee.13G154900.1.p	RLK	other_receptor
GlymaLee.13G155000.1.p	RLK	other_receptor
GlymaLee.13G165900.1.p	RLK	other_receptor
GlymaLee.13G188300.1.p	RLK	lrr
GlymaLee.13G191800.1.p	RLK	lrr
GlymaLee.13G192100.1.p	RLK	lrr
GlymaLee.13G192200.1.p	RLK	other_receptor
GlymaLee.13G192300.1.p	RLK	other_receptor
GlymaLee.13G192500.1.p	RLK	lrr
GlymaLee.13G198400.1.p	RLK	other_receptor
GlymaLee.13G198600.1.p	RLK	lrr
GlymaLee.13G202600.1.p	RLK	other_receptor
GlymaLee.13G207500.1.p	RLK	lrr
GlymaLee.13G211200.1.p	RLK	other_receptor
GlymaLee.13G211300.1.p	RLK	other_receptor
GlymaLee.13G211400.1.p	RLK	other_receptor
GlymaLee.13G211600.1.p	RLK	other_receptor
GlymaLee.13G211700.1.p	RLK	other_receptor
GlymaLee.13G211800.1.p	RLK	other_receptor
GlymaLee.13G212000.1.p	RLK	other_receptor
GlymaLee.13G212100.1.p	RLK	other_receptor
GlymaLee.13G214800.1.p	RLK	lrr
GlymaLee.13G215800.1.p	RLK	lrr
GlymaLee.13G217900.1.p	RLK	other_receptor
GlymaLee.13G226800.1.p	RLK	lrr
GlymaLee.13G227000.1.p	RLK	lrr
GlymaLee.13G227100.1.p	RLK	lrr
GlymaLee.13G227200.1.p	RLK	lrr
GlymaLee.13G228800.1.p	RLK	lrr
GlymaLee.13G235500.1.p	RLK	lrr
GlymaLee.13G241100.1.p	RLK	other_receptor
GlymaLee.13G243000.1.p	RLK	other_receptor
GlymaLee.13G243100.1.p	RLK	other_receptor
GlymaLee.13G243200.1.p	RLK	other_receptor
GlymaLee.13G243300.1.p	RLK	other_receptor
GlymaLee.13G243900.1.p	RLK	other_receptor
GlymaLee.13G244900.1.p	RLK	other_receptor
GlymaLee.13G249000.1.p	RLK	other_receptor
GlymaLee.13G253000.1.p	RLK	lrr
GlymaLee.13G254800.1.p	RLK	other_receptor
GlymaLee.13G254900.1.p	RLK	other_receptor
GlymaLee.13G258100.1.p	RLK	lrr
GlymaLee.13G261500.1.p	RLK	other_receptor
GlymaLee.13G261900.1.p	RLK	other_receptor
GlymaLee.13G283700.1.p	RLK	other_receptor
GlymaLee.13G284400.1.p	RLK	other_receptor
GlymaLee.13G288500.1.p	RLK	other_receptor
GlymaLee.13G300800.1.p	RLK	other_receptor
GlymaLee.13G306500.1.p	RLK	other_receptor
GlymaLee.13G309000.1.p	RLK	lrr
GlymaLee.13G309100.1.p	RLK	lrr
GlymaLee.13G309200.1.p	RLK	lrr
GlymaLee.13G310500.1.p	RLK	lysm
GlymaLee.13G315600.1.p	RLK	lysm
GlymaLee.13G322100.1.p	RLK	other_receptor
GlymaLee.13G325700.1.p	RLK	other_receptor
GlymaLee.13G326600.1.p	RLK	other_receptor
GlymaLee.13G327300.1.p	RLK	other_receptor
GlymaLee.13G327800.1.p	RLK	lrr
GlymaLee.14G011000.1.p	RLK	lrr
GlymaLee.14G012600.1.p	RLK	other_receptor
GlymaLee.14G024000.1.p	RLK	lrr
GlymaLee.14G026500.1.p	RLK	other_receptor
GlymaLee.14G030700.1.p	RLK	lrr
GlymaLee.14G032500.1.p	RLK	other_receptor
GlymaLee.14G035700.1.p	RLK	other_receptor
GlymaLee.14G037000.1.p	RLK	lrr
GlymaLee.14G040300.1.p	RLK	other_receptor
GlymaLee.14G041400.1.p	RLK	lysm
GlymaLee.14G041900.1.p	RLK	lrr
GlymaLee.14G042100.1.p	RLK	lrr
GlymaLee.14G042300.1.p	RLK	lrr
GlymaLee.14G048700.1.p	RLK	lrr
GlymaLee.14G050200.1.p	RLK	lrr
GlymaLee.14G051900.1.p	RLK	other_receptor
GlymaLee.14G052900.1.p	RLK	lrr
GlymaLee.14G066000.1.p	RLK	lrr
GlymaLee.14G068700.1.p	RLK	lysm
GlymaLee.14G089500.1.p	RLK	lrr
GlymaLee.14G091000.1.p	RLK	other_receptor
GlymaLee.14G091100.1.p	RLK	other_receptor
GlymaLee.14G091300.1.p	RLK	other_receptor
GlymaLee.14G098600.1.p	RLK	other_receptor
GlymaLee.14G101600.1.p	RLK	other_receptor
GlymaLee.14G102100.1.p	RLK	other_receptor
GlymaLee.14G111200.1.p	RLK	lrr
GlymaLee.14G114500.1.p	RLK	lrr
GlymaLee.14G122900.1.p	RLK	other_receptor
GlymaLee.14G123000.1.p	RLK	other_receptor
GlymaLee.14G123100.1.p	RLK	other_receptor
GlymaLee.14G123200.1.p	RLK	other_receptor
GlymaLee.14G123300.1.p	RLK	other_receptor
GlymaLee.14G123400.1.p	RLK	other_receptor
GlymaLee.14G123600.1.p	RLK	other_receptor
GlymaLee.14G126400.1.p	RLK	other_receptor
GlymaLee.14G126500.1.p	RLK	other_receptor
GlymaLee.14G129800.1.p	RLK	lrr
GlymaLee.14G130000.1.p	RLK	lrr
GlymaLee.14G150900.1.p	RLK	lrr
GlymaLee.14G152100.1.p	RLK	other_receptor
GlymaLee.14G158100.1.p	RLK	other_receptor
GlymaLee.14G159400.1.p	RLK	lrr
GlymaLee.14G164500.1.p	RLK	other_receptor
GlymaLee.14G167000.1.p	RLK	lrr
GlymaLee.14G167200.1.p	RLK	lrr
GlymaLee.14G167300.1.p	RLK	lrr
GlymaLee.14G171900.1.p	RLK	other_receptor
GlymaLee.14G172800.1.p	RLK	lrr
GlymaLee.14G175100.1.p	RLK	lrr
GlymaLee.14G182000.1.p	RLK	other_receptor
GlymaLee.15G000400.1.p	RLK	lrr
GlymaLee.15G001300.1.p	RLK	lrr
GlymaLee.15G002600.1.p	RLK	other_receptor
GlymaLee.15G003100.1.p	RLK	other_receptor
GlymaLee.15G004200.1.p	RLK	other_receptor
GlymaLee.15G007300.1.p	RLK	other_receptor
GlymaLee.15G014200.1.p	RLK	other_receptor
GlymaLee.15G018500.1.p	RLK	lysm
GlymaLee.15G019900.1.p	RLK	lrr
GlymaLee.15G020100.1.p	RLK	lrr
GlymaLee.15G020300.1.p	RLK	lrr
GlymaLee.15G020500.1.p	RLK	lrr
GlymaLee.15G020600.1.p	RLK	lrr
GlymaLee.15G020700.1.p	RLK	lrr
GlymaLee.15G020800.1.p	RLK	lrr
GlymaLee.15G022900.1.p	RLK	other_receptor
GlymaLee.15G028200.1.p	RLK	other_receptor
GlymaLee.15G040000.1.p	RLK	other_receptor
GlymaLee.15G042100.1.p	RLK	other_receptor
GlymaLee.15G048200.1.p	RLK	lrr
GlymaLee.15G049300.1.p	RLK	other_receptor
GlymaLee.15G055800.1.p	RLK	other_receptor
GlymaLee.15G061300.1.p	RLK	other_receptor
GlymaLee.15G061400.1.p	RLK	other_receptor
GlymaLee.15G061500.1.p	RLK	other_receptor
GlymaLee.15G065700.1.p	RLK	lrr
GlymaLee.15G070800.1.p	RLK	other_receptor
GlymaLee.15G074300.1.p	RLK	other_receptor
GlymaLee.15G079500.1.p	RLK	lrr
GlymaLee.15G079700.1.p	RLK	other_receptor
GlymaLee.15G079800.1.p	RLK	lrr
GlymaLee.15G104100.1.p	RLK	other_receptor
GlymaLee.15G104400.1.p	RLK	lrr
GlymaLee.15G116900.1.p	RLK	lrr
GlymaLee.15G122400.1.p	RLK	other_receptor
GlymaLee.15G122600.1.p	RLK	lrr
GlymaLee.15G124500.1.p	RLK	other_receptor
GlymaLee.15G142700.1.p	RLK	lrr
GlymaLee.15G147400.1.p	RLK	other_receptor
GlymaLee.15G147500.1.p	RLK	other_receptor
GlymaLee.15G147600.1.p	RLK	other_receptor
GlymaLee.15G147700.1.p	RLK	other_receptor
GlymaLee.15G147900.1.p	RLK	other_receptor
GlymaLee.15G153600.1.p	RLK	other_receptor
GlymaLee.15G154400.1.p	RLK	other_receptor
GlymaLee.15G162700.1.p	RLK	lrr
GlymaLee.15G164300.1.p	RLK	other_receptor
GlymaLee.15G170300.1.p	RLK	other_receptor
GlymaLee.15G179500.1.p	RLK	lrr
GlymaLee.15G180400.1.p	RLK	lrr
GlymaLee.15G182000.1.p	RLK	other_receptor
GlymaLee.15G187700.1.p	RLK	other_receptor
GlymaLee.15G187800.1.p	RLK	other_receptor
GlymaLee.15G188200.1.p	RLK	other_receptor
GlymaLee.15G188900.1.p	RLK	lrr
GlymaLee.15G192900.1.p	RLK	other_receptor
GlymaLee.15G193300.1.p	RLK	other_receptor
GlymaLee.15G195600.1.p	RLK	other_receptor
GlymaLee.15G195800.1.p	RLK	other_receptor
GlymaLee.15G196000.1.p	RLK	other_receptor
GlymaLee.15G203200.1.p	RLK	lrr
GlymaLee.15G207200.1.p	RLK	other_receptor
GlymaLee.15G211600.1.p	RLK	other_receptor
GlymaLee.15G213400.1.p	RLK	lrr
GlymaLee.15G218000.1.p	RLK	other_receptor
GlymaLee.15G224300.1.p	RLK	lrr
GlymaLee.16G008600.1.p	RLK	lrr
GlymaLee.16G013200.1.p	RLK	lrr
GlymaLee.16G013600.1.p	RLK	lrr
GlymaLee.16G022400.1.p	RLK	other_receptor
GlymaLee.16G031300.1.p	RLK	other_receptor
GlymaLee.16G033500.1.p	RLK	lrr
GlymaLee.16G042000.1.p	RLK	other_receptor
GlymaLee.16G042300.1.p	RLK	lrr
GlymaLee.16G053400.1.p	RLK	lrr
GlymaLee.16G057600.1.p	RLK	lrr
GlymaLee.16G057700.1.p	RLK	lrr
GlymaLee.16G057900.1.p	RLK	lrr
GlymaLee.16G058200.1.p	RLK	lrr
GlymaLee.16G058400.1.p	RLK	lrr
GlymaLee.16G058800.1.p	RLK	lrr
GlymaLee.16G059000.1.p	RLK	lrr
GlymaLee.16G069500.1.p	RLK	lrr
GlymaLee.16G069600.1.p	RLK	lrr
GlymaLee.16G070000.1.p	RLK	lrr
GlymaLee.16G080400.1.p	RLK	lrr
GlymaLee.16G081300.1.p	RLK	other_receptor
GlymaLee.16G083600.1.p	RLK	other_receptor
GlymaLee.16G086700.1.p	RLK	lrr
GlymaLee.16G093400.1.p	RLK	other_receptor
GlymaLee.16G097600.1.p	RLK	other_receptor
GlymaLee.16G098900.1.p	RLK	other_receptor
GlymaLee.16G100100.1.p	RLK	other_receptor
GlymaLee.16G106700.1.p	RLK	lrr
GlymaLee.16G114600.1.p	RLK	other_receptor
GlymaLee.16G117400.1.p	RLK	other_receptor
GlymaLee.16G128200.1.p	RLK	lrr
GlymaLee.16G128300.1.p	RLK	lrr
GlymaLee.16G129500.1.p	RLK	other_receptor
GlymaLee.16G150000.1.p	RLK	other_receptor
GlymaLee.16G163300.1.p	RLK	other_receptor
GlymaLee.16G163700.1.p	RLK	other_receptor
GlymaLee.16G164100.1.p	RLK	other_receptor
GlymaLee.16G164200.1.p	RLK	other_receptor
GlymaLee.16G165100.1.p	RLK	lrr
GlymaLee.16G166800.1.p	RLK	lrr
GlymaLee.16G171500.1.p	RLK	lrr
GlymaLee.16G171900.1.p	RLK	lrr
GlymaLee.17G012700.1.p	RLK	other_receptor
GlymaLee.17G037500.1.p	RLK	other_receptor
GlymaLee.17G044900.1.p	RLK	lrr
GlymaLee.17G052500.1.p	RLK	other_receptor
GlymaLee.17G065800.1.p	RLK	lrr
GlymaLee.17G066900.1.p	RLK	lrr
GlymaLee.17G069000.1.p	RLK	lrr
GlymaLee.17G079100.1.p	RLK	other_receptor
GlymaLee.17G081000.1.p	RLK	lrr
GlymaLee.17G081900.1.p	RLK	other_receptor
GlymaLee.17G083900.1.p	RLK	other_receptor
GlymaLee.17G089700.1.p	RLK	lrr
GlymaLee.17G095600.1.p	RLK	other_receptor
GlymaLee.17G096400.1.p	RLK	lrr
GlymaLee.17G102000.1.p	RLK	other_receptor
GlymaLee.17G109500.1.p	RLK	other_receptor
GlymaLee.17G111000.1.p	RLK	lrr
GlymaLee.17G125200.1.p	RLK	lrr
GlymaLee.17G144600.1.p	RLK	lrr
GlymaLee.17G153500.1.p	RLK	other_receptor
GlymaLee.17G154500.1.p	RLK	lrr
GlymaLee.17G155700.1.p	RLK	lrr
GlymaLee.17G166400.1.p	RLK	lrr
GlymaLee.17G172000.1.p	RLK	lrr
GlymaLee.17G182800.1.p	RLK	other_receptor
GlymaLee.17G183300.1.p	RLK	other_receptor
GlymaLee.17G184600.1.p	RLK	other_receptor
GlymaLee.17G184700.1.p	RLK	other_receptor
GlymaLee.17G184900.1.p	RLK	other_receptor
GlymaLee.17G185000.1.p	RLK	other_receptor
GlymaLee.17G185200.1.p	RLK	other_receptor
GlymaLee.17G185300.1.p	RLK	other_receptor
GlymaLee.17G185400.1.p	RLK	other_receptor
GlymaLee.17G185500.1.p	RLK	other_receptor
GlymaLee.17G186300.1.p	RLK	other_receptor
GlymaLee.17G188400.1.p	RLK	other_receptor
GlymaLee.17G193700.1.p	RLK	other_receptor
GlymaLee.17G193800.1.p	RLK	other_receptor
GlymaLee.17G193900.1.p	RLK	other_receptor
GlymaLee.17G194000.1.p	RLK	other_receptor
GlymaLee.17G194200.1.p	RLK	other_receptor
GlymaLee.17G195800.1.p	RLK	lrr
GlymaLee.17G216500.1.p	RLK	lysm
GlymaLee.17G219100.1.p	RLK	lrr
GlymaLee.18G002600.1.p	RLK	lrr
GlymaLee.18G009800.1.p	RLK	lrr
GlymaLee.18G015200.1.p	RLK	lrr
GlymaLee.18G019900.1.p	RLK	other_receptor
GlymaLee.18G021800.1.p	RLK	lrr
GlymaLee.18G023300.1.p	RLK	lrr
GlymaLee.18G024800.1.p	RLK	other_receptor
GlymaLee.18G035100.1.p	RLK	other_receptor
GlymaLee.18G039500.1.p	RLK	lrr
GlymaLee.18G040600.1.p	RLK	other_receptor
GlymaLee.18G043000.1.p	RLK	other_receptor
GlymaLee.18G043100.1.p	RLK	other_receptor
GlymaLee.18G043200.1.p	RLK	other_receptor
GlymaLee.18G043500.1.p	RLK	other_receptor
GlymaLee.18G046800.1.p	RLK	lrr
GlymaLee.18G047100.1.p	RLK	lrr
GlymaLee.18G049900.1.p	RLK	other_receptor
GlymaLee.18G050300.1.p	RLK	other_receptor
GlymaLee.18G054600.1.p	RLK	lrr
GlymaLee.18G057500.1.p	RLK	other_receptor
GlymaLee.18G066300.1.p	RLK	lrr
GlymaLee.18G068600.1.p	RLK	other_receptor
GlymaLee.18G091200.1.p	RLK	other_receptor
GlymaLee.18G097500.1.p	RLK	lrr
GlymaLee.18G102000.1.p	RLK	lrr
GlymaLee.18G110500.1.p	RLK	other_receptor
GlymaLee.18G111100.1.p	RLK	other_receptor
GlymaLee.18G112900.1.p	RLK	other_receptor
GlymaLee.18G118100.1.p	RLK	other_receptor
GlymaLee.18G134100.1.p	RLK	lrr
GlymaLee.18G134300.1.p	RLK	lrr
GlymaLee.18G141000.1.p	RLK	other_receptor
GlymaLee.18G141100.1.p	RLK	other_receptor
GlymaLee.18G149600.1.p	RLK	lrr
GlymaLee.18G150100.1.p	RLK	lrr
GlymaLee.18G150200.1.p	RLK	lrr
GlymaLee.18G155800.1.p	RLK	other_receptor
GlymaLee.18G157200.1.p	RLK	lrr
GlymaLee.18G162300.1.p	RLK	other_receptor
GlymaLee.18G162800.1.p	RLK	other_receptor
GlymaLee.18G163700.1.p	RLK	lrr
GlymaLee.18G165800.1.p	RLK	other_receptor
GlymaLee.18G166200.1.p	RLK	lrr
GlymaLee.18G166600.1.p	RLK	lrr
GlymaLee.18G166800.1.p	RLK	lrr
GlymaLee.18G168700.1.p	RLK	other_receptor
GlymaLee.18G168800.1.p	RLK	other_receptor
GlymaLee.18G169000.1.p	RLK	other_receptor
GlymaLee.18G169100.1.p	RLK	other_receptor
GlymaLee.18G184600.1.p	RLK	other_receptor
GlymaLee.18G185300.1.p	RLK	other_receptor
GlymaLee.18G187000.1.p	RLK	lysm
GlymaLee.18G187100.1.p	RLK	lysm
GlymaLee.18G193800.1.p	RLK	lrr
GlymaLee.18G196900.1.p	RLK	lrr
GlymaLee.18G197100.1.p	RLK	lrr
GlymaLee.18G197500.1.p	RLK	lrr
GlymaLee.18G197700.1.p	RLK	lrr
GlymaLee.18G200400.1.p	RLK	lrr
GlymaLee.18G200700.1.p	RLK	other_receptor
GlymaLee.18G200800.1.p	RLK	other_receptor
GlymaLee.18G201000.1.p	RLK	lrr
GlymaLee.18G201200.1.p	RLK	lrr
GlymaLee.18G201300.1.p	RLK	lrr
GlymaLee.18G201400.1.p	RLK	lrr
GlymaLee.18G201500.1.p	RLK	other_receptor
GlymaLee.18G201600.1.p	RLK	other_receptor
GlymaLee.18G201700.1.p	RLK	lrr
GlymaLee.18G201900.1.p	RLK	lrr
GlymaLee.18G204200.1.p	RLK	lrr
GlymaLee.18G204600.1.p	RLK	other_receptor
GlymaLee.18G212400.1.p	RLK	lrr
GlymaLee.18G213000.1.p	RLK	lrr
GlymaLee.18G215000.1.p	RLK	other_receptor
GlymaLee.18G215200.1.p	RLK	other_receptor
GlymaLee.18G215400.1.p	RLK	other_receptor
GlymaLee.18G215500.1.p	RLK	other_receptor
GlymaLee.18G215600.1.p	RLK	other_receptor
GlymaLee.18G217200.1.p	RLK	other_receptor
GlymaLee.18G220000.1.p	RLK	other_receptor
GlymaLee.18G222200.1.p	RLK	lrr
GlymaLee.18G223900.1.p	RLK	other_receptor
GlymaLee.18G225900.1.p	RLK	other_receptor
GlymaLee.18G227900.1.p	RLK	lrr
GlymaLee.18G237800.1.p	RLK	other_receptor
GlymaLee.18G238100.1.p	RLK	other_receptor
GlymaLee.19G005300.1.p	RLK	other_receptor
GlymaLee.19G009500.1.p	RLK	other_receptor
GlymaLee.19G015000.1.p	RLK	lrr
GlymaLee.19G017200.1.p	RLK	other_receptor
GlymaLee.19G026600.1.p	RLK	lrr
GlymaLee.19G028700.1.p	RLK	other_receptor
GlymaLee.19G031500.1.p	RLK	other_receptor
GlymaLee.19G033300.1.p	RLK	lrr
GlymaLee.19G034100.1.p	RLK	other_receptor
GlymaLee.19G049600.1.p	RLK	other_receptor
GlymaLee.19G051000.1.p	RLK	other_receptor
GlymaLee.19G051600.1.p	RLK	lrr
GlymaLee.19G052400.1.p	RLK	lrr
GlymaLee.19G056000.1.p	RLK	other_receptor
GlymaLee.19G057100.1.p	RLK	lrr
GlymaLee.19G061500.1.p	RLK	lrr
GlymaLee.19G066500.1.p	RLK	lrr
GlymaLee.19G066900.1.p	RLK	lysm
GlymaLee.19G078700.1.p	RLK	other_receptor
GlymaLee.19G088000.1.p	RLK	lrr
GlymaLee.19G109500.1.p	RLK	lrr
GlymaLee.19G112500.1.p	RLK	lrr
GlymaLee.19G113200.1.p	RLK	lrr
GlymaLee.19G120800.1.p	RLK	other_receptor
GlymaLee.19G120900.1.p	RLK	other_receptor
GlymaLee.19G135200.1.p	RLK	lrr
GlymaLee.19G135300.1.p	RLK	lrr
GlymaLee.19G136500.1.p	RLK	lrr
GlymaLee.19G138500.1.p	RLK	other_receptor
GlymaLee.19G145600.1.p	RLK	lrr
GlymaLee.19G155100.1.p	RLK	other_receptor
GlymaLee.19G156200.1.p	RLK	lrr
GlymaLee.19G183200.1.p	RLK	other_receptor
GlymaLee.19G209300.1.p	RLK	other_receptor
GlymaLee.19G213900.1.p	RLK	other_receptor
GlymaLee.19G217700.1.p	RLK	other_receptor
GlymaLee.19G222500.1.p	RLK	other_receptor
GlymaLee.19G223100.1.p	RLK	lrr
GlymaLee.20G027600.1.p	RLK	other_receptor
GlymaLee.20G039100.1.p	RLK	other_receptor
GlymaLee.20G051200.1.p	RLK	other_receptor
GlymaLee.20G055000.1.p	RLK	lrr
GlymaLee.20G066100.1.p	RLK	other_receptor
GlymaLee.20G087600.1.p	RLK	lrr
GlymaLee.20G087700.1.p	RLK	other_receptor
GlymaLee.20G087800.1.p	RLK	other_receptor
GlymaLee.20G088000.1.p	RLK	other_receptor
GlymaLee.20G088100.1.p	RLK	other_receptor
GlymaLee.20G088200.1.p	RLK	other_receptor
GlymaLee.20G088300.1.p	RLK	other_receptor
GlymaLee.20G088600.1.p	RLK	other_receptor
GlymaLee.20G088700.1.p	RLK	other_receptor
GlymaLee.20G088800.1.p	RLK	other_receptor
GlymaLee.20G088900.1.p	RLK	other_receptor
GlymaLee.20G089200.1.p	RLK	other_receptor
GlymaLee.20G089300.1.p	RLK	other_receptor
GlymaLee.20G090200.1.p	RLK	lrr
GlymaLee.20G098000.1.p	RLK	lrr
GlymaLee.20G105500.1.p	RLK	other_receptor
GlymaLee.20G105600.1.p	RLK	other_receptor
GlymaLee.20G105700.1.p	RLK	other_receptor
GlymaLee.20G105800.1.p	RLK	other_receptor
GlymaLee.20G105900.1.p	RLK	other_receptor
GlymaLee.20G106100.1.p	RLK	other_receptor
GlymaLee.20G106300.1.p	RLK	other_receptor
GlymaLee.20G106400.1.p	RLK	other_receptor
GlymaLee.20G106800.1.p	RLK	other_receptor
GlymaLee.20G106900.1.p	RLK	other_receptor
GlymaLee.20G107000.1.p	RLK	other_receptor
GlymaLee.20G107100.1.p	RLK	other_receptor
GlymaLee.20G107200.1.p	RLK	other_receptor
GlymaLee.20G107300.1.p	RLK	other_receptor
GlymaLee.20G107400.1.p	RLK	other_receptor
GlymaLee.20G107500.1.p	RLK	other_receptor
GlymaLee.20G107600.1.p	RLK	other_receptor
GlymaLee.20G107900.1.p	RLK	other_receptor
GlymaLee.20G108000.1.p	RLK	other_receptor
GlymaLee.20G108100.1.p	RLK	other_receptor
GlymaLee.20G108200.1.p	RLK	other_receptor
GlymaLee.20G108300.1.p	RLK	other_receptor
GlymaLee.20G108400.1.p	RLK	other_receptor
GlymaLee.20G108600.1.p	RLK	other_receptor
GlymaLee.20G108700.1.p	RLK	other_receptor
GlymaLee.20G108900.1.p	RLK	other_receptor
GlymaLee.20G109000.1.p	RLK	other_receptor
GlymaLee.20G109100.1.p	RLK	other_receptor
GlymaLee.20G109200.1.p	RLK	other_receptor
GlymaLee.20G119200.1.p	RLK	lrr
GlymaLee.20G120000.1.p	RLK	other_receptor
GlymaLee.20G123900.1.p	RLK	lrr
GlymaLee.20G129200.1.p	RLK	other_receptor
GlymaLee.20G131300.1.p	RLK	other_receptor
GlymaLee.20G137200.1.p	RLK	lrr
GlymaLee.20G139200.1.p	RLK	lrr
GlymaLee.20G139800.1.p	RLK	other_receptor
GlymaLee.20G146800.1.p	RLK	other_receptor
GlymaLee.20G158900.1.p	RLK	lrr
GlymaLee.20G176300.1.p	RLK	lrr
GlymaLee.20G188300.1.p	RLK	other_receptor
GlymaLee.20G189300.1.p	RLK	lrr
GlymaLee.20G193800.1.p	RLK	other_receptor
GlymaLee.20G207200.1.p	RLK	other_receptor
GlymaLee.U001200.1.p	RLK	other_receptor
GlymaLee.U001400.1.p	RLK	other_receptor
UWASoyPan00289.t1	RLK	other_receptor
UWASoyPan00296.t1	RLK	other_receptor
UWASoyPan00651.t1	RLK	other_receptor
UWASoyPan01265.t1	RLK	other_receptor
UWASoyPan02096.t1	RLK	other_receptor
UWASoyPan03172.t1	RLK	other_receptor
UWASoyPan03430.t1	RLK	other_receptor
UWASoyPan03780.t1	RLK	lrr
UWASoyPan04794.t1	RLK	other_receptor
